c:\Users\ashut\.cargo\bin\cargo.exe :     Checking claude_core v0.1.0 
(C:\Users\ashut\OneDrive\Documents\claude opus 4.6 terminal with llm intgrated inside from 
scractch\claude-rust\crates\claude-core)
At line:1 char:46
+ ... st-target'; c:\Users\ashut\.cargo\bin\cargo.exe check -p claude_core  ...
+                 ~~~~~~~~~~~~~~~~~~~~~~~~~~~~~~~~~~~~~~~~~~~~~~~~~~~~~~~~~
    + CategoryInfo          : NotSpecified: (    Checking cl...es\claude-core):String) [], RemoteE 
   xception
    + FullyQualifiedErrorId : NativeCommandError
 
error[E0432]: unresolved import `crate::rotary`
 --> crates\claude-core\src\attention.rs:3:12
  |
3 | use crate::rotary::RotaryEmbedding;
  |            ^^^^^^ could not find `rotary` in the crate root

error[E0433]: failed to resolve: use of undeclared type `Kind`
  --> crates\claude-core\src\layer_norm.rs:24:46
   |
24 |             .mean_dim(Some(&[-1][..]), true, Kind::Float)
   |                                              ^^^^ use of undeclared type `Kind`
   |
help: consider importing this enum
   |
 1 + use tch::Kind;
   |

warning: unused import: `tch::Kind::Float`
  --> crates\claude-core\src\layer_norm.rs:33:5
   |
33 | use tch::Kind::Float;
   |     ^^^^^^^^^^^^^^^^
   |
   = note: `#[warn(unused_imports)]` (part of `#[warn(unused)]`) on by default

warning: unused imports: `Device` and `Kind`
 --> crates\claude-core\src\transformer.rs:1:23
  |
1 | use tch::{nn, Tensor, Kind, Device};
  |                       ^^^^  ^^^^^^

error[E0308]: mismatched types
     --> crates\claude-core\src\layer_norm.rs:23:26
      |
   23 |         let norm = x.pow(2.0)
      |                      --- ^^^ expected `&Tensor`, found floating-point number
      |                      |
      |                      arguments to this method are incorrect
      |
note: method defined here
     --> C:\Users\ashut\.cargo\registry\src\index.crates.io-1949cf8c6b5b557f\tch-0.15.0\src\wrapper
s\tensor_generated.rs:13972:12
      |
13972 |     pub fn pow(&self, exponent: &Tensor) -> Tensor {
      |            ^^^

error[E0599]: no method named `add` found for struct `tch::Tensor` in the current scope
    --> crates\claude-core\src\layer_norm.rs:25:14
     |
  23 |           let norm = x.pow(2.0)
     |  ____________________-
  24 | |             .mean_dim(Some(&[-1][..]), true, Kind::Float)
  25 | |             .add(self.eps);
     | |_____________-^^^
     |
    ::: C:\Users\ashut\.rustup\toolchains\stable-x86_64-pc-windows-msvc\lib/rustlib/src/rust\librar
y\core\src\ops\arith.rs:92:8
     |
  92 |       fn add(self, rhs: Rhs) -> Self::Output;
     |          --- the method is available for `tch::Tensor` here
     |
     = help: items from traits can only be used if the trait is in scope
help: there is a method `addr` with a similar name, but with different arguments
    --> C:\Users\ashut\.cargo\registry\src\index.crates.io-1949cf8c6b5b557f\tch-0.15.0\src\wrappers
\tensor_generated.rs:5000:5
     |
5000 |     pub fn addr(&self, vec1: &Tensor, vec2: &Tensor) -> Tensor {
     |     ^^^^^^^^^^^^^^^^^^^^^^^^^^^^^^^^^^^^^^^^^^^^^^^^^^^^^^^^^^
help: trait `Add` which provides `add` is implemented but not in scope; perhaps you want to import 
it
     |
   1 + use std::ops::Add;
     |

error[E0599]: no variant or associated item named `KaimingUniform` found for enum `Init` in the 
current scope
  --> crates\claude-core\src\attention.rs:22:32
   |
22 |             ws_init: nn::Init::KaimingUniform,
   |                                ^^^^^^^^^^^^^^ variant or associated item not found in `Init`

error[E0061]: this method takes 1 argument but 0 arguments were supplied
    --> crates\claude-core\src\transformer.rs:29:29
     |
  29 |         x.apply(&self.c_fc).gelu().apply(&self.c_proj).dropout(self.dropout, true)
     |                             ^^^^-- argument #1 of type `&str` is missing
     |
note: method defined here
    --> C:\Users\ashut\.cargo\registry\src\index.crates.io-1949cf8c6b5b557f\tch-0.15.0\src\wrappers
\tensor_generated.rs:9092:12
     |
9092 |     pub fn gelu(&self, approximate: &str) -> Tensor {
     |            ^^^^
help: provide the argument
     |
  29 |         x.apply(&self.c_fc).gelu(/* &str */).apply(&self.c_proj).dropout(self.dropout, true)
     |                                  ++++++++++

Some errors have detailed explanations: E0061, E0308, E0432, E0433, E0599.
For more information about an error, try `rustc --explain E0061`.
warning: `claude_core` (lib) generated 2 warnings
error: could not compile `claude_core` (lib) due to 6 previous errors; 2 warnings emitted
